  Файл: /home/user1
  Размер: 4096      	Блоков: 8          Блок В/В: 4096   каталог
Устройство: 8/5	Инода: 1703937     Ссылки: 2
Доступ: (0700/drwx------)  Uid: ( 1234/   user1)   Gid: ( 1234/   user1)
Контекст: unconfined_u:object_r:user_home_dir_t:s0
Доступ:        2026-09-11 17:03:46.163446219 +0300
Модифицирован: 2026-09-11 17:38:10.820187528 +0300
Изменён:       2026-09-11 17:38:10.820187528 +0300
Создан:        2026-09-11 15:26:38.549660340 +0300
  Файл: /home/alfaprim/newcat
  Размер: 36568     	Блоков: 72         Блок В/В: 4096   обычный файл
Устройство: 8/5	Инода: 1590017     Ссылки: 1
Доступ: (4755/-rwsr-xr-x)  Uid: (    0/    root)   Gid: (    0/    root)
Контекст: unconfined_u:object_r:user_home_t:s0
Доступ:        2026-09-11 16:08:54.244337453 +0300
Модифицирован: 2026-09-11 16:05:07.021710783 +0300
Изменён:       2026-09-11 16:07:13.516448292 +0300
Создан:        2026-09-11 16:05:07.020710786 +0300
  Файл: /home/alfaprim/newchown
  Размер: 65840     	Блоков: 144        Блок В/В: 4096   обычный файл
Устройство: 8/5	Инода: 1590018     Ссылки: 1
Доступ: (0755/-rwxr-xr-x)  Uid: ( 1000/alfaprim)   Gid: ( 1000/alfaprim)
Контекст: unconfined_u:object_r:user_home_t:s0
Доступ:        2026-09-11 16:39:22.241797819 +0300
Модифицирован: 2026-09-11 16:22:55.052487497 +0300
Изменён:       2026-09-11 16:37:23.878922750 +0300
Создан:        2026-09-11 16:22:55.051487498 +0300
